Microchip MPLAB XC8 Compiler V2.00 ()

Linker command line:

-W-3 --edf=E:\ProgramasWindowns\Microchip\xc8\v2.00\pic\dat\en_msgs.txt -cs \
  -h+dist/default/production\comunica.X.production.sym \
  --cmf=dist/default/production\comunica.X.production.cmf -z -Q18F4520 \
  -oC:\Users\carlo\AppData\Local\Temp\s6no.2 --defsym=__MPLAB_BUILD=1 \
  -Mdist/default/production/comunica.X.production.map -E1 -ver=XC8 \
  --acfsm=1493 -ASTACK=012Fh-05ffh -pstack=STACK -ACODE=00h-07FFFh \
  -ACONST=00h-07FFFh -ASMALLCONST=0600h-06FFhx122 \
  -AMEDIUMCONST=0600h-07FFFh -ACOMRAM=01h-07Fh -AABS1=00h-05FFh \
  -ABIGRAM=01h-05FFh -ARAM=080h-0FFh,0100h-01FFhx5 -ABANK0=080h-0FFh \
  -ABANK1=0100h-01FFh -ABANK2=0200h-02FFh -ABANK3=0300h-03FFh \
  -ABANK4=0400h-04FFh -ABANK5=0500h-05FFh -ASFR=0F80h-0FFFh \
  -preset_vec=00h,intcode=08h,intcodelo,powerup,init -pramtop=0600h \
  -psmallconst=SMALLCONST -pmediumconst=MEDIUMCONST -pconst=CONST \
  -AFARRAM=00h-00h -ACONFIG=0300000h-030000Dh -pconfig=CONFIG \
  -AIDLOC=0200000h-0200007h -pidloc=IDLOC -AEEDATA=0F00000h-0F000FFh \
  -peeprom_data=EEDATA \
  -prdata=COMRAM,nvrram=COMRAM,nvbit=COMRAM,rbss=COMRAM,rbit=COMRAM \
  -pfarbss=FARRAM,fardata=FARRAM,nvFARRAM=FARRAM \
  -pintsave_regs=BIGRAM,bigbss=BIGRAM,bigdata=BIGRAM -pbss=RAM \
  -pidata=CODE,irdata=CODE,ibigdata=CODE,ifardata=CODE -prparam=COMRAM \
  C:\Users\carlo\AppData\Local\Temp\s6no.o \
  dist/default/production\comunica.X.production.o 

Object code version is 3.11

Machine type is 18F4520

Call graph: (short form)




                Name                               Link     Load   Length Selector   Space Scale
C:\Users\carlo\AppData\Local\Temp\s6no.o
                init                                  E        E        4        4       0
                reset_vec                             0        0        4        0       0
                idloc                            200000   200000        8   200000       0
                config                           300000   300000        E   300000       0
dist/default/production\comunica.X.production.o
                intcode                               8        8        6        4       0
                temp                                 7C       7C        1        1       1
                smallconst                          600      600       46      300       0
                text43                             2CD0     2CD0       14      323       0
                text42                             2CA2     2CA2       18      323       0
                text41                             2CF6     2CF6        E      323       0
                text40                             2780     2780       68      323       0
                text39                             2C62     2C62       24      323       0
                text38                             2BC6     2BC6       42      323       0
                text37                             1AD0     1AD0      1B0      323       0
                text36                             1E0E     1E0E      18C      323       0
                text35                             2B40     2B40       44      323       0
                text34                             2D06     2D06        2      323       0
                text33                             2306     2306       DE      323       0
                text32                             2A64     2A64       4C      323       0
                text31                             29C2     29C2       52      323       0
                text30                             24BE     24BE       D6      323       0
                text29                             125E     125E      31E      323       0
                text28                             1752     1752      1CC      323       0
                text27                             284E     284E       66      323       0
                text26                             2912     2912       5A      323       0
                text25                             2622     2622       88      323       0
                text24                              AD6      AD6      46A      323       0
                intcode_body                       1F9A     1F9A      14A      323       0
                text22                             2B84     2B84       42      323       0
                text21                             2CBA     2CBA       16      323       0
                text20                             2C86     2C86       1C      323       0
                text19                             2CE4     2CE4       12      323       0
                text18                             2716     2716       6A      323       0
                text17                             2C3A     2C3A       28      323       0
                text16                             2AB0     2AB0       4A      323       0
                text15                             191E     191E      1B2      323       0
                text14                             1C80     1C80      18E      323       0
                text13                             2AFA     2AFA       46      323       0
                text12                             2D04     2D04        2      323       0
                text11                             2224     2224       E2      323       0
                text10                             2A14     2A14       50      323       0
                text9                              296C     296C       56      323       0
                text8                              23E4     23E4       DA      323       0
                text7                               F40      F40      31E      323       0
                text6                              157C     157C      1D6      323       0
                text5                              27E8     27E8       66      323       0
                text4                              28B4     28B4       5E      323       0
                text3                              2594     2594       8E      323       0
                text2                               646      646      490      323       0
                text1                              26AA     26AA       6C      323       0
                text0                              20E4     20E4      140      323       0
                cstackCOMRAM                          1        1       73        1       1
                cstackBANK0                          80       80       6C       80       1
                bssBANK1                            100      100       2F      100       1
                bssBANK0                             EC       EC       11       80       1
                bssCOMRAM                            74       74        8        1       1
                cinit                              2C08     2C08       32      323       0

TOTAL           Name                               Link     Load   Length     Space
        CLASS   STACK          

        CLASS   CODE           
                intcode                               8        8        6         0
                init                                  E        E        4         0
                reset_vec                             0        0        4         0
                text43                             2CD0     2CD0       14         0
                text42                             2CA2     2CA2       18         0
                text41                             2CF6     2CF6        E         0
                text40                             2780     2780       68         0
                text39                             2C62     2C62       24         0
                text38                             2BC6     2BC6       42         0
                text37                             1AD0     1AD0      1B0         0
                text36                             1E0E     1E0E      18C         0
                text35                             2B40     2B40       44         0
                text34                             2D06     2D06        2         0
                text33                             2306     2306       DE         0
                text32                             2A64     2A64       4C         0
                text31                             29C2     29C2       52         0
                text30                             24BE     24BE       D6         0
                text29                             125E     125E      31E         0
                text28                             1752     1752      1CC         0
                text27                             284E     284E       66         0
                text26                             2912     2912       5A         0
                text25                             2622     2622       88         0
                text24                              AD6      AD6      46A         0
                intcode_body                       1F9A     1F9A      14A         0
                text22                             2B84     2B84       42         0
                text21                             2CBA     2CBA       16         0
                text20                             2C86     2C86       1C         0
                text19                             2CE4     2CE4       12         0
                text18                             2716     2716       6A         0
                text17                             2C3A     2C3A       28         0
                text16                             2AB0     2AB0       4A         0
                text15                             191E     191E      1B2         0
                text14                             1C80     1C80      18E         0
                text13                             2AFA     2AFA       46         0
                text12                             2D04     2D04        2         0
                text11                             2224     2224       E2         0
                text10                             2A14     2A14       50         0
                text9                              296C     296C       56         0
                text8                              23E4     23E4       DA         0
                text7                               F40      F40      31E         0
                text6                              157C     157C      1D6         0
                text5                              27E8     27E8       66         0
                text4                              28B4     28B4       5E         0
                text3                              2594     2594       8E         0
                text2                               646      646      490         0
                text1                              26AA     26AA       6C         0
                text0                              20E4     20E4      140         0
                cinit                              2C08     2C08       32         0

        CLASS   CONST          

        CLASS   SMALLCONST     
                smallconst                          600      600       46         0

        CLASS   MEDIUMCONST    

        CLASS   COMRAM         
                temp                                 7C       7C        1         1
                cstackCOMRAM                          1        1       73         1
                bssCOMRAM                            74       74        8         1

        CLASS   ABS1           

        CLASS   BIGRAM         

        CLASS   RAM            

        CLASS   BANK0          
                cstackBANK0                          80       80       6C         1
                bssBANK0                             EC       EC       11         1

        CLASS   BANK1          
                bssBANK1                            100      100       2F         1

        CLASS   BANK2          

        CLASS   BANK3          

        CLASS   BANK4          

        CLASS   BANK5          

        CLASS   SFR            

        CLASS   FARRAM         

        CLASS   CONFIG         
                config                           300000   300000        E         0

        CLASS   IDLOC          
                idloc                            200000   200000        8         0

        CLASS   EEDATA         



SEGMENTS        Name                           Load    Length   Top    Selector   Space  Class

                reset_vec                      000000  000004  000004         0       0  CODE    
                cstackCOMRAM                   000001  00007C  00007D         1       1  COMRAM  
                intcode                        000008  00000A  000012         4       0  CODE    
                cstackBANK0                    000080  00007D  0000FD        80       1  BANK0   
                bssBANK1                       000100  00002F  00012F       100       1  BANK1   
                smallconst                     000600  000046  000646       300       0  SMALLCON
                text2                          000646  0026C2  002D08       323       0  CODE    
                idloc                          200000  000008  200008    200000       0  IDLOC   
                config                         300000  00000E  30000E    300000       0  CONFIG  


UNUSED ADDRESS RANGES

        Name                Unused          Largest block    Delta
        BANK0            0000FD-0000FF                3
        BANK1            00012F-0001FF               D1
        BANK2            000200-0002FF              100
        BANK3            000300-0003FF              100
        BANK4            000400-0004FF              100
        BANK5            000500-0005FF              100
        BIGRAM           00007D-00007F                3
                         0000FD-0000FF                3
                         00012F-0005FF              4D1
        CODE             000004-000007                4
                         000012-0005FF              5EE
                         002D08-007FFF             52F8
        COMRAM           00007D-00007F                3
        CONST            000004-000007                4
                         000012-0005FF              5EE
                         002D08-007FFF             52F8
        EEDATA           F00000-F000FF              100
        MEDIUMCONST      002D08-007FFF             52F8
        RAM              0000FD-0000FF                3
                         00012F-0005FF              100
        SFR              000F80-000FFF               80
        SMALLCONST       002D08-007FFF              100
        STACK            00012F-0005FF              4D1

                                  Symbol Table

?___aodiv                  cstackBANK0  000080
?___aomod                  cstackBANK0  000080
?_abs                      cstackBANK0  000092
?_dtoa                     cstackBANK0  00009B
?_pad                      cstackBANK0  000090
?_sprintf                  cstackBANK0  0000D7
?_strlen                   cstackBANK0  000080
?_vfpfcnvrt                cstackBANK0  0000BF
?_vfprintf                 cstackBANK0  0000CF
?i2___aodiv                cstackCOMRAM 000001
?i2___aomod                cstackCOMRAM 000001
?i2_abs                    cstackCOMRAM 000013
?i2_dtoa                   cstackCOMRAM 00001C
?i2_pad                    cstackCOMRAM 000011
?i2_sprintf                cstackCOMRAM 000058
?i2_strlen                 cstackCOMRAM 000001
?i2_vfpfcnvrt              cstackCOMRAM 000040
?i2_vfprintf               cstackCOMRAM 000050
_ADCON0                    (abs)        000FC2
_ADCON1                    (abs)        000FC1
_ADCON2                    (abs)        000FC0
_BAUDCON                   (abs)        000FB8
_INTCON                    (abs)        000FF2
_IPEN                      (abs)        007E87
_LE0                       (abs)        007C68
_LE1                       (abs)        007C69
_OSCCON                    (abs)        000FD3
_PORTB                     (abs)        000F81
_PORTBbits                 (abs)        000F81
_PORTCbits                 (abs)        000F82
_PORTD                     (abs)        000F83
_PORTE                     (abs)        000F84
_RCIE                      (abs)        007CED
_RCIF                      (abs)        007CF5
_RCIP                      (abs)        007CFD
_RCREG                     (abs)        000FAE
_RCSTA                     (abs)        000FAB
_SPBRG                     (abs)        000FAF
_T0CON                     (abs)        000FD5
_TMR0                      (abs)        000FD6
_TRISA                     (abs)        000F92
_TRISB                     (abs)        000F93
_TRISC                     (abs)        000F94
_TRISD                     (abs)        000F95
_TRISE                     (abs)        000F96
_TXREG                     (abs)        000FAD
_TXSTA                     (abs)        000FAC
__CFG_BOREN$SBORDIS        (abs)        000000
__CFG_BORV$3               (abs)        000000
__CFG_CCP2MX$PORTC         (abs)        000000
__CFG_CP0$OFF              (abs)        000000
__CFG_CP1$OFF              (abs)        000000
__CFG_CP2$OFF              (abs)        000000
__CFG_CP3$OFF              (abs)        000000
__CFG_CPB$OFF              (abs)        000000
__CFG_CPD$OFF              (abs)        000000
__CFG_EBTR0$OFF            (abs)        000000
__CFG_EBTR1$OFF            (abs)        000000
__CFG_EBTR2$OFF            (abs)        000000
__CFG_EBTR3$OFF            (abs)        000000
__CFG_EBTRB$OFF            (abs)        000000
__CFG_FCMEN$OFF            (abs)        000000
__CFG_IESO$OFF             (abs)        000000
__CFG_LPT1OSC$OFF          (abs)        000000
__CFG_LVP$OFF              (abs)        000000
__CFG_MCLRE$ON             (abs)        000000
__CFG_OSC$INTIO67          (abs)        000000
__CFG_PBADEN$OFF           (abs)        000000
__CFG_PWRT$OFF             (abs)        000000
__CFG_STVREN$ON            (abs)        000000
__CFG_WDT$OFF              (abs)        000000
__CFG_WDTPS$32768          (abs)        000000
__CFG_WRT0$OFF             (abs)        000000
__CFG_WRT1$OFF             (abs)        000000
__CFG_WRT2$OFF             (abs)        000000
__CFG_WRT3$OFF             (abs)        000000
__CFG_WRTB$OFF             (abs)        000000
__CFG_WRTC$OFF             (abs)        000000
__CFG_WRTD$OFF             (abs)        000000
__CFG_XINST$OFF            (abs)        000000
__HRAM                     (abs)        000000
__Habs1                    abs1         000000
__Hbank0                   bank0        000000
__Hbank1                   bank1        000000
__Hbank2                   bank2        000000
__Hbank3                   bank3        000000
__Hbank4                   bank4        000000
__Hbank5                   bank5        000000
__Hbigbss                  bigbss       000000
__Hbigdata                 bigdata      000000
__Hbigram                  bigram       000000
__Hbss                     bss          000000
__HbssBANK0                bssBANK0     000000
__HbssBANK1                bssBANK1     000000
__HbssCOMRAM               bssCOMRAM    000000
__Hcinit                   cinit        000000
__Hclrtext                 clrtext      000000
__Hcomram                  comram       000000
__Hconfig                  config       30000E
__Hconst                   const        000000
__HcstackBANK0             cstackBANK0  000000
__HcstackCOMRAM            cstackCOMRAM 000000
__Hdata                    data         000000
__Heeprom_data             eeprom_data  000000
__Hfarbss                  farbss       000000
__Hfardata                 fardata      000000
__Hibigdata                ibigdata     000000
__Hidata                   idata        000000
__Hidloc                   idloc        200008
__Hifardata                ifardata     000000
__Hinit                    init         000012
__Hintcode                 intcode      00000E
__Hintcode_body            intcode_body 000000
__Hintcodelo               intcodelo    00000E
__Hintentry                intentry     000000
__Hintret                  intret       000000
__Hintsave_regs            intsave_regs 000000
__Hirdata                  irdata       000000
__Hmediumconst             mediumconst  000000
__HnvFARRAM                nvFARRAM     000000
__Hnvbit                   nvbit        000000
__Hnvrram                  nvrram       000000
__Hparam                   rparam       000000
__Hpowerup                 powerup      00000E
__Hram                     ram          000000
__Hramtop                  ramtop       000600
__Hrbit                    rbit         000000
__Hrbss                    rbss         000000
__Hrdata                   rdata        000000
__Hreset_vec               reset_vec    000004
__Hrparam                  rparam       000000
__Hsfr                     sfr          000000
__Hsmallconst              smallconst   000646
__Hspace_0                 (abs)        30000E
__Hspace_1                 (abs)        00012F
__Hspace_2                 (abs)        000000
__Hstack                   stack        000000
__Hstruct                  struct       000000
__Htemp                    temp         00007D
__Htext                    text         000000
__Htext0                   text0        000000
__Htext1                   text1        000000
__Htext10                  text10       000000
__Htext11                  text11       000000
__Htext12                  text12       000000
__Htext13                  text13       000000
__Htext14                  text14       000000
__Htext15                  text15       000000
__Htext16                  text16       000000
__Htext17                  text17       000000
__Htext18                  text18       000000
__Htext19                  text19       000000
__Htext2                   text2        000000
__Htext20                  text20       000000
__Htext21                  text21       000000
__Htext22                  text22       000000
__Htext24                  text24       000000
__Htext25                  text25       000000
__Htext26                  text26       000000
__Htext27                  text27       000000
__Htext28                  text28       000000
__Htext29                  text29       000000
__Htext3                   text3        000000
__Htext30                  text30       000000
__Htext31                  text31       000000
__Htext32                  text32       000000
__Htext33                  text33       000000
__Htext34                  text34       000000
__Htext35                  text35       000000
__Htext36                  text36       000000
__Htext37                  text37       000000
__Htext38                  text38       000000
__Htext39                  text39       000000
__Htext4                   text4        000000
__Htext40                  text40       000000
__Htext41                  text41       000000
__Htext42                  text42       000000
__Htext43                  text43       000000
__Htext5                   text5        000000
__Htext6                   text6        000000
__Htext7                   text7        000000
__Htext8                   text8        000000
__Htext9                   text9        000000
__LRAM                     (abs)        000001
__Labs1                    abs1         000000
__Lbank0                   bank0        000000
__Lbank1                   bank1        000000
__Lbank2                   bank2        000000
__Lbank3                   bank3        000000
__Lbank4                   bank4        000000
__Lbank5                   bank5        000000
__Lbigbss                  bigbss       000000
__Lbigdata                 bigdata      000000
__Lbigram                  bigram       000000
__Lbss                     bss          000000
__LbssBANK0                bssBANK0     000000
__LbssBANK1                bssBANK1     000000
__LbssCOMRAM               bssCOMRAM    000000
__Lcinit                   cinit        000000
__Lclrtext                 clrtext      000000
__Lcomram                  comram       000000
__Lconfig                  config       300000
__Lconst                   const        000000
__LcstackBANK0             cstackBANK0  000000
__LcstackCOMRAM            cstackCOMRAM 000000
__Ldata                    data         000000
__Leeprom_data             eeprom_data  000000
__Lfarbss                  farbss       000000
__Lfardata                 fardata      000000
__Libigdata                ibigdata     000000
__Lidata                   idata        000000
__Lidloc                   idloc        200000
__Lifardata                ifardata     000000
__Linit                    init         00000E
__Lintcode                 intcode      000008
__Lintcode_body            intcode_body 000000
__Lintcodelo               intcodelo    00000E
__Lintentry                intentry     000000
__Lintret                  intret       000000
__Lintsave_regs            intsave_regs 000000
__Lirdata                  irdata       000000
__Lmediumconst             mediumconst  000000
__LnvFARRAM                nvFARRAM     000000
__Lnvbit                   nvbit        000000
__Lnvrram                  nvrram       000000
__Lparam                   rparam       000000
__Lpowerup                 powerup      00000E
__Lram                     ram          000000
__Lramtop                  ramtop       000600
__Lrbit                    rbit         000000
__Lrbss                    rbss         000000
__Lrdata                   rdata        000000
__Lreset_vec               reset_vec    000000
__Lrparam                  rparam       000000
__Lsfr                     sfr          000000
__Lsmallconst              smallconst   000600
__Lspace_0                 (abs)        000000
__Lspace_1                 (abs)        000000
__Lspace_2                 (abs)        000000
__Lstack                   stack        000000
__Lstruct                  struct       000000
__Ltemp                    temp         00007C
__Ltext                    text         000000
__Ltext0                   text0        000000
__Ltext1                   text1        000000
__Ltext10                  text10       000000
__Ltext11                  text11       000000
__Ltext12                  text12       000000
__Ltext13                  text13       000000
__Ltext14                  text14       000000
__Ltext15                  text15       000000
__Ltext16                  text16       000000
__Ltext17                  text17       000000
__Ltext18                  text18       000000
__Ltext19                  text19       000000
__Ltext2                   text2        000000
__Ltext20                  text20       000000
__Ltext21                  text21       000000
__Ltext22                  text22       000000
__Ltext24                  text24       000000
__Ltext25                  text25       000000
__Ltext26                  text26       000000
__Ltext27                  text27       000000
__Ltext28                  text28       000000
__Ltext29                  text29       000000
__Ltext3                   text3        000000
__Ltext30                  text30       000000
__Ltext31                  text31       000000
__Ltext32                  text32       000000
__Ltext33                  text33       000000
__Ltext34                  text34       000000
__Ltext35                  text35       000000
__Ltext36                  text36       000000
__Ltext37                  text37       000000
__Ltext38                  text38       000000
__Ltext39                  text39       000000
__Ltext4                   text4        000000
__Ltext40                  text40       000000
__Ltext41                  text41       000000
__Ltext42                  text42       000000
__Ltext43                  text43       000000
__Ltext5                   text5        000000
__Ltext6                   text6        000000
__Ltext7                   text7        000000
__Ltext8                   text8        000000
__Ltext9                   text9        000000
__S0                       (abs)        30000E
__S1                       (abs)        00012F
__S2                       (abs)        000000
___aodiv                   text15       00191E
___aodiv@counter           cstackBANK0  000090
___aodiv@dividend          cstackBANK0  000080
___aodiv@divisor           cstackBANK0  000088
___aodiv@quotient          cstackBANK0  000092
___aodiv@sign              cstackBANK0  000091
___aomod                   text14       001C80
___aomod@counter           cstackBANK0  000090
___aomod@dividend          cstackBANK0  000080
___aomod@divisor           cstackBANK0  000088
___aomod@sign              cstackBANK0  000091
___inthi_sp                stack        000000
___intlo_sp                stack        000000
___param_bank              (abs)        000000
___rparam_used             (abs)        000001
___sp                      stack        000000
__accesstop                (abs)        000080
__activetblptr             (abs)        000002
__end_of___aodiv           text15       001AD0
__end_of___aomod           text14       001E0E
__end_of__initialization   cinit        002C2C
__end_of_abs               text13       002B40
__end_of_config            text22       002BC6
__end_of_dtoa              text7        00125E
__end_of_escreve           text17       002C62
__end_of_escreve2          text16       002AFA
__end_of_estadosMaquina    text2        000AD6
__end_of_fputc             text11       002306
__end_of_fputs             text10       002A64
__end_of_lcd_clear         text20       002CA2
__end_of_lcd_goto          text19       002CF6
__end_of_lcd_init          text1        002716
__end_of_lcd_puts          text18       002780
__end_of_lcd_write         text21       002CD0
__end_of_main              text0        002224
__end_of_pad               text8        0024BE
__end_of_putch             text12       002D06
__end_of_sprintf           text4        002912
__end_of_strlen            text9        0029C2
__end_of_tempo1            text3        002622
__end_of_tmr               intcode_body 0020E4
__end_of_vfpfcnvrt         text6        001752
__end_of_vfprintf          text5        00284E
__end_ofi2___aodiv         text37       001C80
__end_ofi2___aomod         text36       001F9A
__end_ofi2_abs             text35       002B84
__end_ofi2_dtoa            text29       00157C
__end_ofi2_escreve         text39       002C86
__end_ofi2_escreve2        text38       002C08
__end_ofi2_estadosMaquina  text24       000F40
__end_ofi2_fputc           text33       0023E4
__end_ofi2_fputs           text32       002AB0
__end_ofi2_lcd_clear       text42       002CBA
__end_ofi2_lcd_goto        text41       002D04
__end_ofi2_lcd_puts        text40       0027E8
__end_ofi2_lcd_write       text43       002CE4
__end_ofi2_pad             text30       002594
__end_ofi2_putch           text34       002D08
__end_ofi2_sprintf         text26       00296C
__end_ofi2_strlen          text31       002A14
__end_ofi2_tempo1          text25       0026AA
__end_ofi2_vfpfcnvrt       text28       00191E
__end_ofi2_vfprintf        text27       0028B4
__initialization           cinit        002C08
__mediumconst              mediumconst  000000
__pbssBANK0                bssBANK0     0000EC
__pbssBANK1                bssBANK1     000100
__pbssCOMRAM               bssCOMRAM    000074
__pcinit                   cinit        002C08
__pcstackBANK0             cstackBANK0  000080
__pcstackCOMRAM            cstackCOMRAM 000001
__pintcode                 intcode      000008
__pintcode_body            intcode_body 001F9A
__psmallconst              smallconst   000600
__ptext0                   text0        0020E4
__ptext1                   text1        0026AA
__ptext10                  text10       002A14
__ptext11                  text11       002224
__ptext12                  text12       002D04
__ptext13                  text13       002AFA
__ptext14                  text14       001C80
__ptext15                  text15       00191E
__ptext16                  text16       002AB0
__ptext17                  text17       002C3A
__ptext18                  text18       002716
__ptext19                  text19       002CE4
__ptext2                   text2        000646
__ptext20                  text20       002C86
__ptext21                  text21       002CBA
__ptext22                  text22       002B84
__ptext24                  text24       000AD6
__ptext25                  text25       002622
__ptext26                  text26       002912
__ptext27                  text27       00284E
__ptext28                  text28       001752
__ptext29                  text29       00125E
__ptext3                   text3        002594
__ptext30                  text30       0024BE
__ptext31                  text31       0029C2
__ptext32                  text32       002A64
__ptext33                  text33       002306
__ptext34                  text34       002D06
__ptext35                  text35       002B40
__ptext36                  text36       001E0E
__ptext37                  text37       001AD0
__ptext38                  text38       002BC6
__ptext39                  text39       002C62
__ptext4                   text4        0028B4
__ptext40                  text40       002780
__ptext41                  text41       002CF6
__ptext42                  text42       002CA2
__ptext43                  text43       002CD0
__ptext5                   text5        0027E8
__ptext6                   text6        00157C
__ptext7                   text7        000F40
__ptext8                   text8        0023E4
__ptext9                   text9        00296C
__ramtop                   ramtop       000600
__size_of___aodiv          (abs)        000000
__size_of___aomod          (abs)        000000
__size_of_abs              (abs)        000000
__size_of_config           (abs)        000000
__size_of_dtoa             (abs)        000000
__size_of_escreve          (abs)        000000
__size_of_escreve2         (abs)        000000
__size_of_estadosMaquina   (abs)        000000
__size_of_fputc            (abs)        000000
__size_of_fputs            (abs)        000000
__size_of_lcd_clear        (abs)        000000
__size_of_lcd_goto         (abs)        000000
__size_of_lcd_init         (abs)        000000
__size_of_lcd_puts         (abs)        000000
__size_of_lcd_write        (abs)        000000
__size_of_main             (abs)        000000
__size_of_pad              (abs)        000000
__size_of_putch            (abs)        000000
__size_of_sprintf          (abs)        000000
__size_of_strlen           (abs)        000000
__size_of_tempo1           (abs)        000000
__size_of_tmr              (abs)        000000
__size_of_vfpfcnvrt        (abs)        000000
__size_of_vfprintf         (abs)        000000
__size_ofi2___aodiv        (abs)        000000
__size_ofi2___aomod        (abs)        000000
__size_ofi2_abs            (abs)        000000
__size_ofi2_dtoa           (abs)        000000
__size_ofi2_escreve        (abs)        000000
__size_ofi2_escreve2       (abs)        000000
__size_ofi2_estadosMaquina (abs)        000000
__size_ofi2_fputc          (abs)        000000
__size_ofi2_fputs          (abs)        000000
__size_ofi2_lcd_clear      (abs)        000000
__size_ofi2_lcd_goto       (abs)        000000
__size_ofi2_lcd_puts       (abs)        000000
__size_ofi2_lcd_write      (abs)        000000
__size_ofi2_pad            (abs)        000000
__size_ofi2_putch          (abs)        000000
__size_ofi2_sprintf        (abs)        000000
__size_ofi2_strlen         (abs)        000000
__size_ofi2_tempo1         (abs)        000000
__size_ofi2_vfpfcnvrt      (abs)        000000
__size_ofi2_vfprintf       (abs)        000000
__smallconst               smallconst   000600
_abs                       text13       002AFA
_bits                      bssCOMRAM    000078
_config                    text22       002B84
_contador                  bssCOMRAM    00007A
_dbuf                      bssBANK1     000100
_dtoa                      text7        000F40
_dtoa$347                  cstackBANK0  0000AD
_escreve                   text17       002C3A
_escreve2                  text16       002AB0
_estado                    bssBANK0     0000F4
_estadoMes                 bssBANK1     000120
_estadosMaquina            text2        000646
_flags                     bssBANK0     0000F2
_fputc                     text11       002224
_fputs                     text10       002A14
_lcd_clear                 text20       002C86
_lcd_goto                  text19       002CE4
_lcd_init                  text1        0026AA
_lcd_puts                  text18       002716
_lcd_write                 text21       002CBA
_main                      text0        0020E4
_nout                      bssBANK0     0000EC
_pad                       text8        0023E4
_prec                      bssBANK0     0000F0
_putch                     text12       002D04
_sprintf                   text4        0028B4
_strlen                    text9        00296C
_tempo                     bssBANK0     0000F6
_tempo1                    text3        002594
_tempoDis                  bssBANK0     0000F8
_tmr                       intcode      000008
_vfpfcnvrt                 text6        00157C
_vfprintf                  text5        0027E8
_volts                     bssCOMRAM    000074
_width                     bssBANK0     0000EE
abs@a                      cstackBANK0  000092
btemp                      temp         00007C
dtoa@d                     cstackBANK0  00009D
dtoa@fp                    cstackBANK0  00009B
dtoa@i                     cstackBANK0  0000BD
dtoa@n                     cstackBANK0  0000B5
dtoa@p                     cstackBANK0  0000AF
dtoa@s                     cstackBANK0  0000B3
dtoa@w                     cstackBANK0  0000B1
end_of_initialization      cinit        002C2C
fputc@c                    cstackBANK0  000080
fputc@fp                   cstackBANK0  000082
fputs@c                    cstackBANK0  00008D
fputs@fp                   cstackBANK0  00008B
fputs@i                    cstackBANK0  00008E
fputs@s                    cstackBANK0  000089
i2___aodiv                 text37       001AD0
i2___aodiv@counter         cstackCOMRAM 000011
i2___aodiv@dividend        cstackCOMRAM 000001
i2___aodiv@divisor         cstackCOMRAM 000009
i2___aodiv@quotient        cstackCOMRAM 000013
i2___aodiv@sign            cstackCOMRAM 000012
i2___aomod                 text36       001E0E
i2___aomod@counter         cstackCOMRAM 000011
i2___aomod@dividend        cstackCOMRAM 000001
i2___aomod@divisor         cstackCOMRAM 000009
i2___aomod@sign            cstackCOMRAM 000012
i2_abs                     text35       002B40
i2_dtoa                    text29       00125E
i2_dtoa$347                cstackCOMRAM 00002E
i2_escreve                 text39       002C62
i2_escreve2                text38       002BC6
i2_estadosMaquina          text24       000AD6
i2_fputc                   text33       002306
i2_fputs                   text32       002A64
i2_lcd_clear               text42       002CA2
i2_lcd_goto                text41       002CF6
i2_lcd_puts                text40       002780
i2_lcd_write               text43       002CD0
i2_pad                     text30       0024BE
i2_putch                   text34       002D06
i2_sprintf                 text26       002912
i2_strlen                  text31       0029C2
i2_tempo1                  text25       002622
i2_vfpfcnvrt               text28       001752
i2_vfprintf                text27       00284E
i2abs@a                    cstackCOMRAM 000013
i2dtoa@d                   cstackCOMRAM 00001E
i2dtoa@fp                  cstackCOMRAM 00001C
i2dtoa@i                   cstackCOMRAM 00003E
i2dtoa@n                   cstackCOMRAM 000036
i2dtoa@p                   cstackCOMRAM 000030
i2dtoa@s                   cstackCOMRAM 000034
i2dtoa@w                   cstackCOMRAM 000032
i2fputc@c                  cstackCOMRAM 000001
i2fputc@fp                 cstackCOMRAM 000003
i2fputs@c                  cstackCOMRAM 00000E
i2fputs@fp                 cstackCOMRAM 00000C
i2fputs@i                  cstackCOMRAM 00000F
i2fputs@s                  cstackCOMRAM 00000A
i2lcd_goto@pos             cstackCOMRAM 000002
i2lcd_puts@s               cstackCOMRAM 000002
i2lcd_write@c              cstackCOMRAM 000001
i2pad@buf                  cstackCOMRAM 000013
i2pad@fp                   cstackCOMRAM 000011
i2pad@i                    cstackCOMRAM 000018
i2pad@p                    cstackCOMRAM 000015
i2pad@w                    cstackCOMRAM 00001A
i2sprintf@ap               cstackCOMRAM 000060
i2sprintf@f                cstackCOMRAM 000062
i2sprintf@fmt              cstackCOMRAM 00005A
i2sprintf@ret              cstackCOMRAM 00005E
i2sprintf@s                cstackCOMRAM 000058
i2strlen@a                 cstackCOMRAM 000005
i2strlen@s                 cstackCOMRAM 000001
i2vfpfcnvrt@ap             cstackCOMRAM 000044
i2vfpfcnvrt@fmt            cstackCOMRAM 000042
i2vfpfcnvrt@fp             cstackCOMRAM 000040
i2vfpfcnvrt@ll             cstackCOMRAM 000048
i2vfprintf@ap              cstackCOMRAM 000054
i2vfprintf@cfmt            cstackCOMRAM 000056
i2vfprintf@fmt             cstackCOMRAM 000052
i2vfprintf@fp              cstackCOMRAM 000050
int$flags                  temp         00007C
int_func                   intcode_body 001F9A
intlevel0                  text         000000
intlevel1                  text         000000
intlevel2                  text         000000
intlevel3                  text         000000
lcd_goto@pos               cstackBANK0  000081
lcd_init@init_value        cstackBANK0  000083
lcd_puts@s                 cstackBANK0  000081
lcd_write@c                cstackBANK0  000080
pad@buf                    cstackBANK0  000092
pad@fp                     cstackBANK0  000090
pad@i                      cstackBANK0  000097
pad@p                      cstackBANK0  000094
pad@w                      cstackBANK0  000099
sprintf@ap                 cstackBANK0  0000DF
sprintf@f                  cstackBANK0  0000E1
sprintf@fmt                cstackBANK0  0000D9
sprintf@ret                cstackBANK0  0000DD
sprintf@s                  cstackBANK0  0000D7
stackhi                    (abs)        0005FF
stacklo                    (abs)        00012F
start                      init         00000E
start_initialization       cinit        002C08
strlen@a                   cstackBANK0  000084
strlen@s                   cstackBANK0  000080
ttemp5                     temp         00007D
ttemp6                     temp         000080
ttemp7                     temp         000084
vfpfcnvrt@ap               cstackBANK0  0000C3
vfpfcnvrt@fmt              cstackBANK0  0000C1
vfpfcnvrt@fp               cstackBANK0  0000BF
vfpfcnvrt@ll               cstackBANK0  0000C7
vfprintf@ap                cstackBANK0  0000D3
vfprintf@cfmt              cstackBANK0  0000D5
vfprintf@fmt               cstackBANK0  0000D1
vfprintf@fp                cstackBANK0  0000CF
wtemp8                     temp         00007D


FUNCTION INFORMATION:

 *************** function _main *****************
 Defined at:
		line 32 in file "comunica.c"
 Parameters:    Size  Location     Type
		None
 Auto vars:     Size  Location     Type
		None
 Return value:  Size  Location     Type
                  1    wreg      void 
 Registers used:
		wreg, fsr1l, fsr1h, fsr2l, fsr2h, status,2, status,0, tblptrl, tblptrh, tblptru, cstack
 Tracked objects:
		On entry : 
		On exit  : 
		Unchanged: 
 Data sizes:     COMRAM   BANK0   BANK1   BANK2   BANK3   BANK4   BANK5
      Params:         0       0       0       0       0       0       0
      Locals:         0       0       0       0       0       0       0
      Temps:          0       1       0       0       0       0       0
      Totals:         0       1       0       0       0       0       0
Total ram usage:        1 bytes
 Hardware stack levels required when called:   21
 This function calls:
		_config
		_estadosMaquina
		_lcd_init
 This function is called by:
		Startup code after reset
 This function uses a non-reentrant model


 *************** function _lcd_init *****************
 Defined at:
		line 92 in file "lcd.c"
 Parameters:    Size  Location     Type
		None
 Auto vars:     Size  Location     Type
  init_value      1    3[BANK0 ] unsigned char 
 Return value:  Size  Location     Type
                  1    wreg      void 
 Registers used:
		wreg, status,2, cstack
 Tracked objects:
		On entry : 
		On exit  : 
		Unchanged: 
 Data sizes:     COMRAM   BANK0   BANK1   BANK2   BANK3   BANK4   BANK5
      Params:         0       0       0       0       0       0       0
      Locals:         0       1       0       0       0       0       0
      Temps:          0       1       0       0       0       0       0
      Totals:         0       2       0       0       0       0       0
Total ram usage:        2 bytes
 Hardware stack levels used:    1
 Hardware stack levels required when called:   13
 This function calls:
		_lcd_clear
		_lcd_write
 This function is called by:
		_main
 This function uses a non-reentrant model


 *************** function _estadosMaquina *****************
 Defined at:
		line 130 in file "comunica.c"
 Parameters:    Size  Location     Type
		None
 Auto vars:     Size  Location     Type
		None
 Return value:  Size  Location     Type
                  1    wreg      void 
 Registers used:
		wreg, fsr1l, fsr1h, fsr2l, fsr2h, status,2, status,0, tblptrl, tblptrh, tblptru, cstack
 Tracked objects:
		On entry : 
		On exit  : 
		Unchanged: 
 Data sizes:     COMRAM   BANK0   BANK1   BANK2   BANK3   BANK4   BANK5
      Params:         0       0       0       0       0       0       0
      Locals:         0       0       0       0       0       0       0
      Temps:          0       2       0       0       0       0       0
      Totals:         0       2       0       0       0       0       0
Total ram usage:        2 bytes
 Hardware stack levels used:    1
 Hardware stack levels required when called:   20
 This function calls:
		_escreve
		_sprintf
		_tempo1
 This function is called by:
		_main
 This function uses a non-reentrant model


 *************** function _tempo1 *****************
 Defined at:
		line 120 in file "comunica.c"
 Parameters:    Size  Location     Type
		None
 Auto vars:     Size  Location     Type
		None
 Return value:  Size  Location     Type
                  1    wreg      void 
 Registers used:
		wreg, fsr1l, fsr1h, fsr2l, fsr2h, status,2, status,0, tblptrl, tblptrh, tblptru, cstack
 Tracked objects:
		On entry : 
		On exit  : 
		Unchanged: 
 Data sizes:     COMRAM   BANK0   BANK1   BANK2   BANK3   BANK4   BANK5
      Params:         0       0       0       0       0       0       0
      Locals:         0       0       0       0       0       0       0
      Temps:          0       2       0       0       0       0       0
      Totals:         0       2       0       0       0       0       0
Total ram usage:        2 bytes
 Hardware stack levels used:    1
 Hardware stack levels required when called:   19
 This function calls:
		_escreve2
		_sprintf
 This function is called by:
		_estadosMaquina
 This function uses a non-reentrant model


 *************** function _sprintf *****************
 Defined at:
		line 9 in file "E:\ProgramasWindowns\Microchip\xc8\v2.00\pic\sources\c99\common\nf_sprintf.c"
 Parameters:    Size  Location     Type
  s               2   87[BANK0 ] PTR unsigned char 
		 -> estadoMes(15), tempoDis(5), 
  fmt             2   89[BANK0 ] PTR const unsigned char 
		 -> STR_11(10), STR_10(9), STR_9(7), STR_8(7), 
		 -> STR_7(9), STR_6(9), STR_5(7), STR_4(7), 
		 -> STR_3(7), STR_2(10), STR_1(3), 
 Auto vars:     Size  Location     Type
  f               6   97[BANK0 ] struct _IO_FILE
  ap              2   95[BANK0 ] PTR void [1]
		 -> ?_sprintf(2), 
  ret             2   93[BANK0 ] int 
 Return value:  Size  Location     Type
                  2   87[BANK0 ] int 
 Registers used:
		wreg, fsr1l, fsr1h, fsr2l, fsr2h, status,2, status,0, tblptrl, tblptrh, tblptru, cstack
 Tracked objects:
		On entry : 
		On exit  : 
		Unchanged: 
 Data sizes:     COMRAM   BANK0   BANK1   BANK2   BANK3   BANK4   BANK5
      Params:         0       6       0       0       0       0       0
      Locals:         0      10       0       0       0       0       0
      Temps:          0       0       0       0       0       0       0
      Totals:         0      16       0       0       0       0       0
Total ram usage:       16 bytes
 Hardware stack levels used:    1
 Hardware stack levels required when called:   18
 This function calls:
		_vfprintf
 This function is called by:
		_tempo1
		_estadosMaquina
 This function uses a non-reentrant model


 *************** function _vfprintf *****************
 Defined at:
		line 1368 in file "E:\ProgramasWindowns\Microchip\xc8\v2.00\pic\sources\c99\common\doprnt.c"
 Parameters:    Size  Location     Type
  fp              2   79[BANK0 ] PTR struct _IO_FILE
		 -> sprintf@f(6), 
  fmt             2   81[BANK0 ] PTR const unsigned char 
		 -> STR_11(10), STR_10(9), STR_9(7), STR_8(7), 
		 -> STR_7(9), STR_6(9), STR_5(7), STR_4(7), 
		 -> STR_3(7), STR_2(10), STR_1(3), 
  ap              2   83[BANK0 ] PTR PTR void 
		 -> sprintf@ap(2), 
 Auto vars:     Size  Location     Type
  cfmt            2   85[BANK0 ] PTR unsigned char 
		 -> STR_11(10), STR_10(9), STR_9(7), STR_8(7), 
		 -> STR_7(9), STR_6(9), STR_5(7), STR_4(7), 
		 -> STR_3(7), STR_2(10), STR_1(3), 
 Return value:  Size  Location     Type
                  2   79[BANK0 ] int 
 Registers used:
		wreg, fsr1l, fsr1h, fsr2l, fsr2h, status,2, status,0, tblptrl, tblptrh, tblptru, cstack
 Tracked objects:
		On entry : 
		On exit  : 
		Unchanged: 
 Data sizes:     COMRAM   BANK0   BANK1   BANK2   BANK3   BANK4   BANK5
      Params:         0       6       0       0       0       0       0
      Locals:         0       2       0       0       0       0       0
      Temps:          0       0       0       0       0       0       0
      Totals:         0       8       0       0       0       0       0
Total ram usage:        8 bytes
 Hardware stack levels used:    1
 Hardware stack levels required when called:   17
 This function calls:
		_vfpfcnvrt
 This function is called by:
		_sprintf
 This function uses a non-reentrant model


 *************** function _vfpfcnvrt *****************
 Defined at:
		line 670 in file "E:\ProgramasWindowns\Microchip\xc8\v2.00\pic\sources\c99\common\doprnt.c"
 Parameters:    Size  Location     Type
  fp              2   63[BANK0 ] PTR struct _IO_FILE
		 -> sprintf@f(6), 
  fmt             2   65[BANK0 ] PTR PTR unsigned char 
		 -> vfprintf@cfmt(2), 
  ap              2   67[BANK0 ] PTR PTR void 
		 -> sprintf@ap(2), 
 Auto vars:     Size  Location     Type
  ll              8   71[BANK0 ] long long 
  llu             8    0        unsigned long long 
  f               4    0        unsigned long long 
  vp              3    0        PTR void 
  ct              3    0        unsigned char [3]
  cp              3    0        PTR unsigned char 
  i               2    0        int 
  done            2    0        int 
  c               1    0        unsigned char 
 Return value:  Size  Location     Type
                  2   63[BANK0 ] int 
 Registers used:
		wreg, fsr1l, fsr1h, fsr2l, fsr2h, status,2, status,0, tblptrl, tblptrh, tblptru, cstack
 Tracked objects:
		On entry : 
		On exit  : 
		Unchanged: 
 Data sizes:     COMRAM   BANK0   BANK1   BANK2   BANK3   BANK4   BANK5
      Params:         0       6       0       0       0       0       0
      Locals:         0       8       0       0       0       0       0
      Temps:          0       2       0       0       0       0       0
      Totals:         0      16       0       0       0       0       0
Total ram usage:       16 bytes
 Hardware stack levels used:    1
 Hardware stack levels required when called:   16
 This function calls:
		_dtoa
		_fputc
 This function is called by:
		_vfprintf
 This function uses a non-reentrant model


 *************** function _dtoa *****************
 Defined at:
		line 274 in file "E:\ProgramasWindowns\Microchip\xc8\v2.00\pic\sources\c99\common\doprnt.c"
 Parameters:    Size  Location     Type
  fp              2   27[BANK0 ] PTR struct _IO_FILE
		 -> sprintf@f(6), 
  d               8   29[BANK0 ] long long 
 Auto vars:     Size  Location     Type
  n               8   53[BANK0 ] long long 
  i               2   61[BANK0 ] int 
  s               2   51[BANK0 ] int 
  w               2   49[BANK0 ] int 
  p               2   47[BANK0 ] int 
 Return value:  Size  Location     Type
                  2   27[BANK0 ] int 
 Registers used:
		wreg, fsr1l, fsr1h, fsr2l, fsr2h, status,2, status,0, cstack
 Tracked objects:
		On entry : 
		On exit  : 
		Unchanged: 
 Data sizes:     COMRAM   BANK0   BANK1   BANK2   BANK3   BANK4   BANK5
      Params:         0      10       0       0       0       0       0
      Locals:         0      18       0       0       0       0       0
      Temps:          0       8       0       0       0       0       0
      Totals:         0      36       0       0       0       0       0
Total ram usage:       36 bytes
 Hardware stack levels used:    1
 Hardware stack levels required when called:   15
 This function calls:
		___aodiv
		___aomod
		_abs
		_pad
 This function is called by:
		_vfpfcnvrt
 This function uses a non-reentrant model


 *************** function _pad *****************
 Defined at:
		line 72 in file "E:\ProgramasWindowns\Microchip\xc8\v2.00\pic\sources\c99\common\doprnt.c"
 Parameters:    Size  Location     Type
  fp              2   16[BANK0 ] PTR struct _IO_FILE
		 -> sprintf@f(6), 
  buf             2   18[BANK0 ] PTR unsigned char 
		 -> dbuf(32), 
  p               2   20[BANK0 ] int 
 Auto vars:     Size  Location     Type
  w               2   25[BANK0 ] int 
  i               2   23[BANK0 ] int 
 Return value:  Size  Location     Type
                  2   16[BANK0 ] int 
 Registers used:
		wreg, fsr1l, fsr1h, fsr2l, fsr2h, status,2, status,0, cstack
 Tracked objects:
		On entry : 
		On exit  : 
		Unchanged: 
 Data sizes:     COMRAM   BANK0   BANK1   BANK2   BANK3   BANK4   BANK5
      Params:         0       6       0       0       0       0       0
      Locals:         0       4       0       0       0       0       0
      Temps:          0       1       0       0       0       0       0
      Totals:         0      11       0       0       0       0       0
Total ram usage:       11 bytes
 Hardware stack levels used:    1
 Hardware stack levels required when called:   14
 This function calls:
		_fputc
		_fputs
		_strlen
 This function is called by:
		_dtoa
 This function uses a non-reentrant model


 *************** function _strlen *****************
 Defined at:
		line 12 in file "E:\ProgramasWindowns\Microchip\xc8\v2.00\pic\sources\c99\common\strlen.c"
 Parameters:    Size  Location     Type
  s               2    0[BANK0 ] PTR const unsigned char 
		 -> dbuf(32), 
 Auto vars:     Size  Location     Type
  a               2    4[BANK0 ] PTR const unsigned char 
		 -> dbuf(32), 
 Return value:  Size  Location     Type
                  2    0[BANK0 ] unsigned int 
 Registers used:
		wreg, fsr2l, fsr2h, status,2, status,0
 Tracked objects:
		On entry : 
		On exit  : 
		Unchanged: 
 Data sizes:     COMRAM   BANK0   BANK1   BANK2   BANK3   BANK4   BANK5
      Params:         0       2       0       0       0       0       0
      Locals:         0       2       0       0       0       0       0
      Temps:          0       2       0       0       0       0       0
      Totals:         0       6       0       0       0       0       0
Total ram usage:        6 bytes
 Hardware stack levels used:    1
 Hardware stack levels required when called:   11
 This function calls:
		Nothing
 This function is called by:
		_pad
 This function uses a non-reentrant model


 *************** function _fputs *****************
 Defined at:
		line 8 in file "E:\ProgramasWindowns\Microchip\xc8\v2.00\pic\sources\c99\common\nf_fputs.c"
 Parameters:    Size  Location     Type
  s               2    9[BANK0 ] PTR const unsigned char 
		 -> dbuf(32), 
  fp              2   11[BANK0 ] PTR struct _IO_FILE
		 -> sprintf@f(6), 
 Auto vars:     Size  Location     Type
  i               2   14[BANK0 ] int 
  c               1   13[BANK0 ] unsigned char 
 Return value:  Size  Location     Type
                  2    9[BANK0 ] int 
 Registers used:
		wreg, fsr1l, fsr1h, fsr2l, fsr2h, status,2, status,0, cstack
 Tracked objects:
		On entry : 
		On exit  : 
		Unchanged: 
 Data sizes:     COMRAM   BANK0   BANK1   BANK2   BANK3   BANK4   BANK5
      Params:         0       4       0       0       0       0       0
      Locals:         0       3       0       0       0       0       0
      Temps:          0       0       0       0       0       0       0
      Totals:         0       7       0       0       0       0       0
Total ram usage:        7 bytes
 Hardware stack levels used:    1
 Hardware stack levels required when called:   13
 This function calls:
		_fputc
 This function is called by:
		_pad
 This function uses a non-reentrant model


 *************** function _fputc *****************
 Defined at:
		line 8 in file "E:\ProgramasWindowns\Microchip\xc8\v2.00\pic\sources\c99\common\nf_fputc.c"
 Parameters:    Size  Location     Type
  c               2    0[BANK0 ] int 
  fp              2    2[BANK0 ] PTR struct _IO_FILE
		 -> sprintf@f(6), 
 Auto vars:     Size  Location     Type
		None
 Return value:  Size  Location     Type
                  2    0[BANK0 ] int 
 Registers used:
		wreg, fsr1l, fsr1h, fsr2l, fsr2h, status,2, status,0, cstack
 Tracked objects:
		On entry : 
		On exit  : 
		Unchanged: 
 Data sizes:     COMRAM   BANK0   BANK1   BANK2   BANK3   BANK4   BANK5
      Params:         0       4       0       0       0       0       0
      Locals:         0       0       0       0       0       0       0
      Temps:          0       5       0       0       0       0       0
      Totals:         0       9       0       0       0       0       0
Total ram usage:        9 bytes
 Hardware stack levels used:    1
 Hardware stack levels required when called:   12
 This function calls:
		_putch
 This function is called by:
		_pad
		_vfpfcnvrt
		_fputs
 This function uses a non-reentrant model


 *************** function _putch *****************
 Defined at:
		line 7 in file "E:\ProgramasWindowns\Microchip\xc8\v2.00\pic\sources\c99\common\putch.c"
 Parameters:    Size  Location     Type
  c               1    wreg     unsigned char 
 Auto vars:     Size  Location     Type
  c               1    0[COMRAM] unsigned char 
 Return value:  Size  Location     Type
                  1    wreg      void 
 Registers used:
		wreg
 Tracked objects:
		On entry : 
		On exit  : 
		Unchanged: 
 Data sizes:     COMRAM   BANK0   BANK1   BANK2   BANK3   BANK4   BANK5
      Params:         0       0       0       0       0       0       0
      Locals:         0       0       0       0       0       0       0
      Temps:          0       0       0       0       0       0       0
      Totals:         0       0       0       0       0       0       0
Total ram usage:        0 bytes
 Hardware stack levels used:    1
 Hardware stack levels required when called:   11
 This function calls:
		Nothing
 This function is called by:
		_fputc
 This function uses a non-reentrant model


 *************** function _abs *****************
 Defined at:
		line 1 in file "E:\ProgramasWindowns\Microchip\xc8\v2.00\pic\sources\c99\common\abs.c"
 Parameters:    Size  Location     Type
  a               2   18[BANK0 ] int 
 Auto vars:     Size  Location     Type
		None
 Return value:  Size  Location     Type
                  2   18[BANK0 ] int 
 Registers used:
		wreg, status,2, status,0
 Tracked objects:
		On entry : 
		On exit  : 
		Unchanged: 
 Data sizes:     COMRAM   BANK0   BANK1   BANK2   BANK3   BANK4   BANK5
      Params:         0       2       0       0       0       0       0
      Locals:         0       0       0       0       0       0       0
      Temps:          0       2       0       0       0       0       0
      Totals:         0       4       0       0       0       0       0
Total ram usage:        4 bytes
 Hardware stack levels used:    1
 Hardware stack levels required when called:   11
 This function calls:
		Nothing
 This function is called by:
		_dtoa
 This function uses a non-reentrant model


 *************** function ___aomod *****************
 Defined at:
		line 9 in file "E:\ProgramasWindowns\Microchip\xc8\v2.00\pic\sources\c99\common\aomod.c"
 Parameters:    Size  Location     Type
  dividend        8    0[BANK0 ] long long 
  divisor         8    8[BANK0 ] long long 
 Auto vars:     Size  Location     Type
  sign            1   17[BANK0 ] unsigned char 
  counter         1   16[BANK0 ] unsigned char 
 Return value:  Size  Location     Type
                  8    0[BANK0 ] long long 
 Registers used:
		wreg, status,2, status,0
 Tracked objects:
		On entry : 
		On exit  : 
		Unchanged: 
 Data sizes:     COMRAM   BANK0   BANK1   BANK2   BANK3   BANK4   BANK5
      Params:         0      16       0       0       0       0       0
      Locals:         0       2       0       0       0       0       0
      Temps:          0       0       0       0       0       0       0
      Totals:         0      18       0       0       0       0       0
Total ram usage:       18 bytes
 Hardware stack levels used:    1
 Hardware stack levels required when called:   11
 This function calls:
		Nothing
 This function is called by:
		_dtoa
 This function uses a non-reentrant model


 *************** function ___aodiv *****************
 Defined at:
		line 9 in file "E:\ProgramasWindowns\Microchip\xc8\v2.00\pic\sources\c99\common\aodiv.c"
 Parameters:    Size  Location     Type
  dividend        8    0[BANK0 ] long long 
  divisor         8    8[BANK0 ] long long 
 Auto vars:     Size  Location     Type
  quotient        8   18[BANK0 ] long long 
  sign            1   17[BANK0 ] unsigned char 
  counter         1   16[BANK0 ] unsigned char 
 Return value:  Size  Location     Type
                  8    0[BANK0 ] long long 
 Registers used:
		wreg, fsr2l, fsr2h, status,2, status,0
 Tracked objects:
		On entry : 
		On exit  : 
		Unchanged: 
 Data sizes:     COMRAM   BANK0   BANK1   BANK2   BANK3   BANK4   BANK5
      Params:         0      16       0       0       0       0       0
      Locals:         0      10       0       0       0       0       0
      Temps:          0       0       0       0       0       0       0
      Totals:         0      26       0       0       0       0       0
Total ram usage:       26 bytes
 Hardware stack levels used:    1
 Hardware stack levels required when called:   11
 This function calls:
		Nothing
 This function is called by:
		_dtoa
 This function uses a non-reentrant model


 *************** function _escreve2 *****************
 Defined at:
		line 251 in file "comunica.c"
 Parameters:    Size  Location     Type
		None
 Auto vars:     Size  Location     Type
		None
 Return value:  Size  Location     Type
                  1    wreg      void 
 Registers used:
		wreg, fsr1l, fsr1h, status,2, status,0, tblptrl, tblptrh, tblptru, cstack
 Tracked objects:
		On entry : 
		On exit  : 
		Unchanged: 
 Data sizes:     COMRAM   BANK0   BANK1   BANK2   BANK3   BANK4   BANK5
      Params:         0       0       0       0       0       0       0
      Locals:         0       0       0       0       0       0       0
      Temps:          0       0       0       0       0       0       0
      Totals:         0       0       0       0       0       0       0
Total ram usage:        0 bytes
 Hardware stack levels used:    1
 Hardware stack levels required when called:   13
 This function calls:
		_lcd_clear
		_lcd_goto
		_lcd_puts
 This function is called by:
		_tempo1
 This function uses a non-reentrant model


 *************** function _escreve *****************
 Defined at:
		line 242 in file "comunica.c"
 Parameters:    Size  Location     Type
		None
 Auto vars:     Size  Location     Type
		None
 Return value:  Size  Location     Type
                  1    wreg      void 
 Registers used:
		wreg, fsr1l, fsr1h, status,2, status,0, tblptrl, tblptrh, tblptru, cstack
 Tracked objects:
		On entry : 
		On exit  : 
		Unchanged: 
 Data sizes:     COMRAM   BANK0   BANK1   BANK2   BANK3   BANK4   BANK5
      Params:         0       0       0       0       0       0       0
      Locals:         0       0       0       0       0       0       0
      Temps:          0       0       0       0       0       0       0
      Totals:         0       0       0       0       0       0       0
Total ram usage:        0 bytes
 Hardware stack levels used:    1
 Hardware stack levels required when called:   13
 This function calls:
		_lcd_clear
		_lcd_goto
		_lcd_puts
 This function is called by:
		_estadosMaquina
 This function uses a non-reentrant model


 *************** function _lcd_puts *****************
 Defined at:
		line 62 in file "lcd.c"
 Parameters:    Size  Location     Type
  s               2    1[BANK0 ] PTR const unsigned char 
		 -> STR_14(7), STR_13(8), STR_12(8), estadoMes(15), 
		 -> tempoDis(5), 
 Auto vars:     Size  Location     Type
		None
 Return value:  Size  Location     Type
                  1    wreg      void 
 Registers used:
		wreg, fsr1l, fsr1h, status,2, status,0, tblptrl, tblptrh, tblptru, cstack
 Tracked objects:
		On entry : 
		On exit  : 
		Unchanged: 
 Data sizes:     COMRAM   BANK0   BANK1   BANK2   BANK3   BANK4   BANK5
      Params:         0       2       0       0       0       0       0
      Locals:         0       0       0       0       0       0       0
      Temps:          0       0       0       0       0       0       0
      Totals:         0       2       0       0       0       0       0
Total ram usage:        2 bytes
 Hardware stack levels used:    1
 Hardware stack levels required when called:   12
 This function calls:
		_lcd_write
 This function is called by:
		_escreve
		_escreve2
 This function uses a non-reentrant model


 *************** function _lcd_goto *****************
 Defined at:
		line 84 in file "lcd.c"
 Parameters:    Size  Location     Type
  pos             1    wreg     unsigned char 
 Auto vars:     Size  Location     Type
  pos             1    1[BANK0 ] unsigned char 
 Return value:  Size  Location     Type
                  1    wreg      void 
 Registers used:
		wreg, status,2, status,0, cstack
 Tracked objects:
		On entry : 
		On exit  : 
		Unchanged: 
 Data sizes:     COMRAM   BANK0   BANK1   BANK2   BANK3   BANK4   BANK5
      Params:         0       0       0       0       0       0       0
      Locals:         0       1       0       0       0       0       0
      Temps:          0       0       0       0       0       0       0
      Totals:         0       1       0       0       0       0       0
Total ram usage:        1 bytes
 Hardware stack levels used:    1
 Hardware stack levels required when called:   12
 This function calls:
		_lcd_write
 This function is called by:
		_escreve
		_escreve2
 This function uses a non-reentrant model


 *************** function _lcd_clear *****************
 Defined at:
		line 52 in file "lcd.c"
 Parameters:    Size  Location     Type
		None
 Auto vars:     Size  Location     Type
		None
 Return value:  Size  Location     Type
                  1    wreg      void 
 Registers used:
		wreg, status,2, cstack
 Tracked objects:
		On entry : 
		On exit  : 
		Unchanged: 
 Data sizes:     COMRAM   BANK0   BANK1   BANK2   BANK3   BANK4   BANK5
      Params:         0       0       0       0       0       0       0
      Locals:         0       0       0       0       0       0       0
      Temps:          0       1       0       0       0       0       0
      Totals:         0       1       0       0       0       0       0
Total ram usage:        1 bytes
 Hardware stack levels used:    1
 Hardware stack levels required when called:   12
 This function calls:
		_lcd_write
 This function is called by:
		_lcd_init
		_escreve
		_escreve2
 This function uses a non-reentrant model


 *************** function _lcd_write *****************
 Defined at:
		line 38 in file "lcd.c"
 Parameters:    Size  Location     Type
  c               1    wreg     unsigned char 
 Auto vars:     Size  Location     Type
  c               1    0[BANK0 ] unsigned char 
 Return value:  Size  Location     Type
                  1    wreg      void 
 Registers used:
		wreg, status,2, cstack
 Tracked objects:
		On entry : 
		On exit  : 
		Unchanged: 
 Data sizes:     COMRAM   BANK0   BANK1   BANK2   BANK3   BANK4   BANK5
      Params:         0       0       0       0       0       0       0
      Locals:         0       1       0       0       0       0       0
      Temps:          0       0       0       0       0       0       0
      Totals:         0       1       0       0       0       0       0
Total ram usage:        1 bytes
 Hardware stack levels used:    1
 Hardware stack levels required when called:   11
 This function calls:
		Nothing
 This function is called by:
		_lcd_clear
		_lcd_puts
		_lcd_goto
		_lcd_init
		_lcd_putch
 This function uses a non-reentrant model


 *************** function _config *****************
 Defined at:
		line 72 in file "./configura.h"
 Parameters:    Size  Location     Type
		None
 Auto vars:     Size  Location     Type
		None
 Return value:  Size  Location     Type
                  1    wreg      void 
 Registers used:
		wreg, status,2
 Tracked objects:
		On entry : 
		On exit  : 
		Unchanged: 
 Data sizes:     COMRAM   BANK0   BANK1   BANK2   BANK3   BANK4   BANK5
      Params:         0       0       0       0       0       0       0
      Locals:         0       0       0       0       0       0       0
      Temps:          0       0       0       0       0       0       0
      Totals:         0       0       0       0       0       0       0
Total ram usage:        0 bytes
 Hardware stack levels used:    1
 Hardware stack levels required when called:   11
 This function calls:
		Nothing
 This function is called by:
		_main
 This function uses a non-reentrant model


 *************** function _tmr *****************
 Defined at:
		line 84 in file "comunica.c"
 Parameters:    Size  Location     Type
		None
 Auto vars:     Size  Location     Type
		None
 Return value:  Size  Location     Type
                  1    wreg      void 
 Registers used:
		wreg, fsr1l, fsr1h, fsr2l, fsr2h, status,2, status,0, tblptrl, tblptrh, tblptru, cstack
 Tracked objects:
		On entry : 
		On exit  : 
		Unchanged: 
 Data sizes:     COMRAM   BANK0   BANK1   BANK2   BANK3   BANK4   BANK5
      Params:         0       0       0       0       0       0       0
      Locals:         0       0       0       0       0       0       0
      Temps:          8       0       0       0       0       0       0
      Totals:         8       0       0       0       0       0       0
Total ram usage:        8 bytes
 Hardware stack levels used:    1
 Hardware stack levels required when called:   10
 This function calls:
		i2_estadosMaquina
 This function is called by:
		Interrupt level 2
 This function uses a non-reentrant model


 *************** function i2_estadosMaquina *****************
 Defined at:
		line 130 in file "comunica.c"
 Parameters:    Size  Location     Type
		None
 Auto vars:     Size  Location     Type
		None
 Return value:  Size  Location     Type
                  1    wreg      void 
 Registers used:
		wreg, fsr1l, fsr1h, fsr2l, fsr2h, status,2, status,0, tblptrl, tblptrh, tblptru, cstack
 Tracked objects:
		On entry : 
		On exit  : 
		Unchanged: 
 Data sizes:     COMRAM   BANK0   BANK1   BANK2   BANK3   BANK4   BANK5
      Params:         0       0       0       0       0       0       0
      Locals:         0       0       0       0       0       0       0
      Temps:          2       0       0       0       0       0       0
      Totals:         2       0       0       0       0       0       0
Total ram usage:        2 bytes
 Hardware stack levels used:    1
 Hardware stack levels required when called:    9
 This function calls:
		i2_escreve
		i2_sprintf
		i2_tempo1
 This function is called by:
		_tmr
 This function uses a non-reentrant model


 *************** function i2_tempo1 *****************
 Defined at:
		line 120 in file "comunica.c"
 Parameters:    Size  Location     Type
		None
 Auto vars:     Size  Location     Type
		None
 Return value:  Size  Location     Type
                  1    wreg      void 
 Registers used:
		wreg, fsr1l, fsr1h, fsr2l, fsr2h, status,2, status,0, tblptrl, tblptrh, tblptru, cstack
 Tracked objects:
		On entry : 
		On exit  : 
		Unchanged: 
 Data sizes:     COMRAM   BANK0   BANK1   BANK2   BANK3   BANK4   BANK5
      Params:         0       0       0       0       0       0       0
      Locals:         0       0       0       0       0       0       0
      Temps:          2       0       0       0       0       0       0
      Totals:         2       0       0       0       0       0       0
Total ram usage:        2 bytes
 Hardware stack levels used:    1
 Hardware stack levels required when called:    8
 This function calls:
		i2_escreve2
		i2_sprintf
 This function is called by:
		i2_estadosMaquina
 This function uses a non-reentrant model


 *************** function i2_sprintf *****************
 Defined at:
		line 9 in file "E:\ProgramasWindowns\Microchip\xc8\v2.00\pic\sources\c99\common\nf_sprintf.c"
 Parameters:    Size  Location     Type
  s               2   87[COMRAM] PTR unsigned char 
		 -> estadoMes(15), tempoDis(5), 
  fmt             2   89[COMRAM] PTR const unsigned char 
		 -> STR_11(10), STR_10(9), STR_9(7), STR_8(7), 
		 -> STR_7(9), STR_6(9), STR_5(7), STR_4(7), 
		 -> STR_3(7), STR_2(10), STR_1(3), 
 Auto vars:     Size  Location     Type
  sprintf         6   97[COMRAM] struct _IO_FILE
  sprintf         2   95[COMRAM] PTR void [1]
		 -> ?i2_sprintf(2), ?_sprintf(2), 
  sprintf         2   93[COMRAM] int 
 Return value:  Size  Location     Type
                  2   87[COMRAM] int 
 Registers used:
		wreg, fsr1l, fsr1h, fsr2l, fsr2h, status,2, status,0, tblptrl, tblptrh, tblptru, cstack
 Tracked objects:
		On entry : 
		On exit  : 
		Unchanged: 
 Data sizes:     COMRAM   BANK0   BANK1   BANK2   BANK3   BANK4   BANK5
      Params:         6       0       0       0       0       0       0
      Locals:        10       0       0       0       0       0       0
      Temps:          0       0       0       0       0       0       0
      Totals:        16       0       0       0       0       0       0
Total ram usage:       16 bytes
 Hardware stack levels used:    1
 Hardware stack levels required when called:    7
 This function calls:
		i2_vfprintf
 This function is called by:
		i2_tempo1
		i2_estadosMaquina
 This function uses a non-reentrant model


 *************** function i2_vfprintf *****************
 Defined at:
		line 1368 in file "E:\ProgramasWindowns\Microchip\xc8\v2.00\pic\sources\c99\common\doprnt.c"
 Parameters:    Size  Location     Type
  fp              2   79[COMRAM] PTR struct _IO_FILE
		 -> i2sprintf@f(6), sprintf@f(6), 
  fmt             2   81[COMRAM] PTR const unsigned char 
		 -> STR_11(10), STR_10(9), STR_9(7), STR_8(7), 
		 -> STR_7(9), STR_6(9), STR_5(7), STR_4(7), 
		 -> STR_3(7), STR_2(10), STR_1(3), 
  ap              2   83[COMRAM] PTR PTR void 
		 -> i2sprintf@ap(2), sprintf@ap(2), 
 Auto vars:     Size  Location     Type
  vfprintf        2   85[COMRAM] PTR unsigned char 
		 -> STR_11(10), STR_10(9), STR_9(7), STR_8(7), 
		 -> STR_7(9), STR_6(9), STR_5(7), STR_4(7), 
		 -> STR_3(7), STR_2(10), STR_1(3), 
 Return value:  Size  Location     Type
                  2   79[COMRAM] int 
 Registers used:
		wreg, fsr1l, fsr1h, fsr2l, fsr2h, status,2, status,0, tblptrl, tblptrh, tblptru, cstack
 Tracked objects:
		On entry : 
		On exit  : 
		Unchanged: 
 Data sizes:     COMRAM   BANK0   BANK1   BANK2   BANK3   BANK4   BANK5
      Params:         6       0       0       0       0       0       0
      Locals:         2       0       0       0       0       0       0
      Temps:          0       0       0       0       0       0       0
      Totals:         8       0       0       0       0       0       0
Total ram usage:        8 bytes
 Hardware stack levels used:    1
 Hardware stack levels required when called:    6
 This function calls:
		i2_vfpfcnvrt
 This function is called by:
		i2_sprintf
 This function uses a non-reentrant model


 *************** function i2_vfpfcnvrt *****************
 Defined at:
		line 670 in file "E:\ProgramasWindowns\Microchip\xc8\v2.00\pic\sources\c99\common\doprnt.c"
 Parameters:    Size  Location     Type
  fp              2   63[COMRAM] PTR struct _IO_FILE
		 -> i2sprintf@f(6), sprintf@f(6), 
  fmt             2   65[COMRAM] PTR PTR unsigned char 
		 -> i2vfprintf@cfmt(2), vfprintf@cfmt(2), 
  ap              2   67[COMRAM] PTR PTR void 
		 -> i2sprintf@ap(2), sprintf@ap(2), 
 Auto vars:     Size  Location     Type
  vfpfcnvrt       8   71[COMRAM] long long 
  vfpfcnvrt       8    0        unsigned long long 
  vfpfcnvrt       4    0        unsigned long long 
  vfpfcnvrt       3    0        PTR void 
  vfpfcnvrt       3    0        unsigned char [3]
  vfpfcnvrt       3    0        PTR unsigned char 
  vfpfcnvrt       2    0        int 
  vfpfcnvrt       2    0        int 
  vfpfcnvrt       1    0        unsigned char 
 Return value:  Size  Location     Type
                  2   63[COMRAM] int 
 Registers used:
		wreg, fsr1l, fsr1h, fsr2l, fsr2h, status,2, status,0, tblptrl, tblptrh, tblptru, cstack
 Tracked objects:
		On entry : 
		On exit  : 
		Unchanged: 
 Data sizes:     COMRAM   BANK0   BANK1   BANK2   BANK3   BANK4   BANK5
      Params:         6       0       0       0       0       0       0
      Locals:         8       0       0       0       0       0       0
      Temps:          2       0       0       0       0       0       0
      Totals:        16       0       0       0       0       0       0
Total ram usage:       16 bytes
 Hardware stack levels used:    1
 Hardware stack levels required when called:    5
 This function calls:
		i2_dtoa
		i2_fputc
 This function is called by:
		i2_vfprintf
 This function uses a non-reentrant model


 *************** function i2_dtoa *****************
 Defined at:
		line 274 in file "E:\ProgramasWindowns\Microchip\xc8\v2.00\pic\sources\c99\common\doprnt.c"
 Parameters:    Size  Location     Type
  fp              2   27[COMRAM] PTR struct _IO_FILE
		 -> i2sprintf@f(6), sprintf@f(6), 
  d               8   29[COMRAM] long long 
 Auto vars:     Size  Location     Type
  dtoa            8   53[COMRAM] long long 
  dtoa            2   61[COMRAM] int 
  dtoa            2   51[COMRAM] int 
  dtoa            2   49[COMRAM] int 
  dtoa            2   47[COMRAM] int 
 Return value:  Size  Location     Type
                  2   27[COMRAM] int 
 Registers used:
		wreg, fsr1l, fsr1h, fsr2l, fsr2h, status,2, status,0, cstack
 Tracked objects:
		On entry : 
		On exit  : 
		Unchanged: 
 Data sizes:     COMRAM   BANK0   BANK1   BANK2   BANK3   BANK4   BANK5
      Params:        10       0       0       0       0       0       0
      Locals:        18       0       0       0       0       0       0
      Temps:          8       0       0       0       0       0       0
      Totals:        36       0       0       0       0       0       0
Total ram usage:       36 bytes
 Hardware stack levels used:    1
 Hardware stack levels required when called:    4
 This function calls:
		i2___aodiv
		i2___aomod
		i2_abs
		i2_pad
 This function is called by:
		i2_vfpfcnvrt
 This function uses a non-reentrant model


 *************** function i2_pad *****************
 Defined at:
		line 72 in file "E:\ProgramasWindowns\Microchip\xc8\v2.00\pic\sources\c99\common\doprnt.c"
 Parameters:    Size  Location     Type
  fp              2   16[COMRAM] PTR struct _IO_FILE
		 -> i2sprintf@f(6), sprintf@f(6), 
  buf             2   18[COMRAM] PTR unsigned char 
		 -> dbuf(32), 
  p               2   20[COMRAM] int 
 Auto vars:     Size  Location     Type
  pad             2   25[COMRAM] int 
  pad             2   23[COMRAM] int 
 Return value:  Size  Location     Type
                  2   16[COMRAM] int 
 Registers used:
		wreg, fsr1l, fsr1h, fsr2l, fsr2h, status,2, status,0, cstack
 Tracked objects:
		On entry : 
		On exit  : 
		Unchanged: 
 Data sizes:     COMRAM   BANK0   BANK1   BANK2   BANK3   BANK4   BANK5
      Params:         6       0       0       0       0       0       0
      Locals:         4       0       0       0       0       0       0
      Temps:          1       0       0       0       0       0       0
      Totals:        11       0       0       0       0       0       0
Total ram usage:       11 bytes
 Hardware stack levels used:    1
 Hardware stack levels required when called:    3
 This function calls:
		i2_fputc
		i2_fputs
		i2_strlen
 This function is called by:
		i2_dtoa
 This function uses a non-reentrant model


 *************** function i2_strlen *****************
 Defined at:
		line 12 in file "E:\ProgramasWindowns\Microchip\xc8\v2.00\pic\sources\c99\common\strlen.c"
 Parameters:    Size  Location     Type
  s               2    0[COMRAM] PTR const unsigned char 
		 -> dbuf(32), 
 Auto vars:     Size  Location     Type
  strlen          2    4[COMRAM] PTR const unsigned char 
		 -> dbuf(32), 
 Return value:  Size  Location     Type
                  2    0[COMRAM] unsigned int 
 Registers used:
		wreg, fsr2l, fsr2h, status,2, status,0
 Tracked objects:
		On entry : 
		On exit  : 
		Unchanged: 
 Data sizes:     COMRAM   BANK0   BANK1   BANK2   BANK3   BANK4   BANK5
      Params:         2       0       0       0       0       0       0
      Locals:         2       0       0       0       0       0       0
      Temps:          2       0       0       0       0       0       0
      Totals:         6       0       0       0       0       0       0
Total ram usage:        6 bytes
 Hardware stack levels used:    1
 This function calls:
		Nothing
 This function is called by:
		i2_pad
 This function uses a non-reentrant model


 *************** function i2_fputs *****************
 Defined at:
		line 8 in file "E:\ProgramasWindowns\Microchip\xc8\v2.00\pic\sources\c99\common\nf_fputs.c"
 Parameters:    Size  Location     Type
  s               2    9[COMRAM] PTR const unsigned char 
		 -> dbuf(32), 
  fp              2   11[COMRAM] PTR struct _IO_FILE
		 -> i2sprintf@f(6), sprintf@f(6), 
 Auto vars:     Size  Location     Type
  fputs           2   14[COMRAM] int 
  fputs           1   13[COMRAM] unsigned char 
 Return value:  Size  Location     Type
                  2    9[COMRAM] int 
 Registers used:
		wreg, fsr1l, fsr1h, fsr2l, fsr2h, status,2, status,0, cstack
 Tracked objects:
		On entry : 
		On exit  : 
		Unchanged: 
 Data sizes:     COMRAM   BANK0   BANK1   BANK2   BANK3   BANK4   BANK5
      Params:         4       0       0       0       0       0       0
      Locals:         3       0       0       0       0       0       0
      Temps:          0       0       0       0       0       0       0
      Totals:         7       0       0       0       0       0       0
Total ram usage:        7 bytes
 Hardware stack levels used:    1
 Hardware stack levels required when called:    2
 This function calls:
		i2_fputc
 This function is called by:
		i2_pad
 This function uses a non-reentrant model


 *************** function i2_fputc *****************
 Defined at:
		line 8 in file "E:\ProgramasWindowns\Microchip\xc8\v2.00\pic\sources\c99\common\nf_fputc.c"
 Parameters:    Size  Location     Type
  c               2    0[COMRAM] int 
  fp              2    2[COMRAM] PTR struct _IO_FILE
		 -> i2sprintf@f(6), sprintf@f(6), 
 Auto vars:     Size  Location     Type
		None
 Return value:  Size  Location     Type
                  2    0[COMRAM] int 
 Registers used:
		wreg, fsr1l, fsr1h, fsr2l, fsr2h, status,2, status,0, cstack
 Tracked objects:
		On entry : 
		On exit  : 
		Unchanged: 
 Data sizes:     COMRAM   BANK0   BANK1   BANK2   BANK3   BANK4   BANK5
      Params:         4       0       0       0       0       0       0
      Locals:         0       0       0       0       0       0       0
      Temps:          5       0       0       0       0       0       0
      Totals:         9       0       0       0       0       0       0
Total ram usage:        9 bytes
 Hardware stack levels used:    1
 Hardware stack levels required when called:    1
 This function calls:
		i2_putch
 This function is called by:
		i2_pad
		i2_vfpfcnvrt
		i2_fputs
 This function uses a non-reentrant model


 *************** function i2_putch *****************
 Defined at:
		line 7 in file "E:\ProgramasWindowns\Microchip\xc8\v2.00\pic\sources\c99\common\putch.c"
 Parameters:    Size  Location     Type
  c               1    wreg     unsigned char 
 Auto vars:     Size  Location     Type
  c               1  (no storage) unsigned char 
 Return value:  Size  Location     Type
                  1    wreg      void 
 Registers used:
		wreg
 Tracked objects:
		On entry : 
		On exit  : 
		Unchanged: 
 Data sizes:     COMRAM   BANK0   BANK1   BANK2   BANK3   BANK4   BANK5
      Params:         0       0       0       0       0       0       0
      Locals:         0       0       0       0       0       0       0
      Temps:          0       0       0       0       0       0       0
      Totals:         0       0       0       0       0       0       0
Total ram usage:        0 bytes
 Hardware stack levels used:    1
 This function calls:
		Nothing
 This function is called by:
		i2_fputc
 This function uses a non-reentrant model


 *************** function i2_abs *****************
 Defined at:
		line 1 in file "E:\ProgramasWindowns\Microchip\xc8\v2.00\pic\sources\c99\common\abs.c"
 Parameters:    Size  Location     Type
  a               2   18[COMRAM] int 
 Auto vars:     Size  Location     Type
		None
 Return value:  Size  Location     Type
                  2   18[COMRAM] int 
 Registers used:
		wreg, status,2, status,0
 Tracked objects:
		On entry : 
		On exit  : 
		Unchanged: 
 Data sizes:     COMRAM   BANK0   BANK1   BANK2   BANK3   BANK4   BANK5
      Params:         2       0       0       0       0       0       0
      Locals:         0       0       0       0       0       0       0
      Temps:          2       0       0       0       0       0       0
      Totals:         4       0       0       0       0       0       0
Total ram usage:        4 bytes
 Hardware stack levels used:    1
 This function calls:
		Nothing
 This function is called by:
		i2_dtoa
 This function uses a non-reentrant model


 *************** function i2___aomod *****************
 Defined at:
		line 9 in file "E:\ProgramasWindowns\Microchip\xc8\v2.00\pic\sources\c99\common\aomod.c"
 Parameters:    Size  Location     Type
  dividend        8    0[COMRAM] long long 
  divisor         8    8[COMRAM] long long 
 Auto vars:     Size  Location     Type
  __aomod         1   17[COMRAM] unsigned char 
  __aomod         1   16[COMRAM] unsigned char 
 Return value:  Size  Location     Type
                  8    0[COMRAM] long long 
 Registers used:
		wreg, status,2, status,0
 Tracked objects:
		On entry : 
		On exit  : 
		Unchanged: 
 Data sizes:     COMRAM   BANK0   BANK1   BANK2   BANK3   BANK4   BANK5
      Params:        16       0       0       0       0       0       0
      Locals:         2       0       0       0       0       0       0
      Temps:          0       0       0       0       0       0       0
      Totals:        18       0       0       0       0       0       0
Total ram usage:       18 bytes
 Hardware stack levels used:    1
 This function calls:
		Nothing
 This function is called by:
		i2_dtoa
 This function uses a non-reentrant model


 *************** function i2___aodiv *****************
 Defined at:
		line 9 in file "E:\ProgramasWindowns\Microchip\xc8\v2.00\pic\sources\c99\common\aodiv.c"
 Parameters:    Size  Location     Type
  dividend        8    0[COMRAM] long long 
  divisor         8    8[COMRAM] long long 
 Auto vars:     Size  Location     Type
  __aodiv         8   18[COMRAM] long long 
  __aodiv         1   17[COMRAM] unsigned char 
  __aodiv         1   16[COMRAM] unsigned char 
 Return value:  Size  Location     Type
                  8    0[COMRAM] long long 
 Registers used:
		wreg, fsr2l, fsr2h, status,2, status,0
 Tracked objects:
		On entry : 
		On exit  : 
		Unchanged: 
 Data sizes:     COMRAM   BANK0   BANK1   BANK2   BANK3   BANK4   BANK5
      Params:        16       0       0       0       0       0       0
      Locals:        10       0       0       0       0       0       0
      Temps:          0       0       0       0       0       0       0
      Totals:        26       0       0       0       0       0       0
Total ram usage:       26 bytes
 Hardware stack levels used:    1
 This function calls:
		Nothing
 This function is called by:
		i2_dtoa
 This function uses a non-reentrant model


 *************** function i2_escreve2 *****************
 Defined at:
		line 251 in file "comunica.c"
 Parameters:    Size  Location     Type
		None
 Auto vars:     Size  Location     Type
		None
 Return value:  Size  Location     Type
                  1    wreg      void 
 Registers used:
		wreg, fsr1l, fsr1h, status,2, status,0, tblptrl, tblptrh, tblptru, cstack
 Tracked objects:
		On entry : 
		On exit  : 
		Unchanged: 
 Data sizes:     COMRAM   BANK0   BANK1   BANK2   BANK3   BANK4   BANK5
      Params:         0       0       0       0       0       0       0
      Locals:         0       0       0       0       0       0       0
      Temps:          0       0       0       0       0       0       0
      Totals:         0       0       0       0       0       0       0
Total ram usage:        0 bytes
 Hardware stack levels used:    1
 Hardware stack levels required when called:    2
 This function calls:
		i2_lcd_clear
		i2_lcd_goto
		i2_lcd_puts
 This function is called by:
		i2_tempo1
 This function uses a non-reentrant model


 *************** function i2_escreve *****************
 Defined at:
		line 242 in file "comunica.c"
 Parameters:    Size  Location     Type
		None
 Auto vars:     Size  Location     Type
		None
 Return value:  Size  Location     Type
                  1    wreg      void 
 Registers used:
		wreg, fsr1l, fsr1h, status,2, status,0, tblptrl, tblptrh, tblptru, cstack
 Tracked objects:
		On entry : 
		On exit  : 
		Unchanged: 
 Data sizes:     COMRAM   BANK0   BANK1   BANK2   BANK3   BANK4   BANK5
      Params:         0       0       0       0       0       0       0
      Locals:         0       0       0       0       0       0       0
      Temps:          0       0       0       0       0       0       0
      Totals:         0       0       0       0       0       0       0
Total ram usage:        0 bytes
 Hardware stack levels used:    1
 Hardware stack levels required when called:    2
 This function calls:
		i2_lcd_clear
		i2_lcd_goto
		i2_lcd_puts
 This function is called by:
		i2_estadosMaquina
 This function uses a non-reentrant model


 *************** function i2_lcd_puts *****************
 Defined at:
		line 62 in file "lcd.c"
 Parameters:    Size  Location     Type
  s               2    1[COMRAM] PTR const unsigned char 
		 -> STR_14(7), STR_13(8), STR_12(8), estadoMes(15), 
		 -> tempoDis(5), 
 Auto vars:     Size  Location     Type
		None
 Return value:  Size  Location     Type
                  1    wreg      void 
 Registers used:
		wreg, fsr1l, fsr1h, status,2, status,0, tblptrl, tblptrh, tblptru, cstack
 Tracked objects:
		On entry : 
		On exit  : 
		Unchanged: 
 Data sizes:     COMRAM   BANK0   BANK1   BANK2   BANK3   BANK4   BANK5
      Params:         2       0       0       0       0       0       0
      Locals:         0       0       0       0       0       0       0
      Temps:          0       0       0       0       0       0       0
      Totals:         2       0       0       0       0       0       0
Total ram usage:        2 bytes
 Hardware stack levels used:    1
 Hardware stack levels required when called:    1
 This function calls:
		i2_lcd_write
 This function is called by:
		i2_escreve
		i2_escreve2
 This function uses a non-reentrant model


 *************** function i2_lcd_goto *****************
 Defined at:
		line 84 in file "lcd.c"
 Parameters:    Size  Location     Type
  pos             1    wreg     unsigned char 
 Auto vars:     Size  Location     Type
  pos             1    1[COMRAM] unsigned char 
 Return value:  Size  Location     Type
                  1    wreg      void 
 Registers used:
		wreg, status,2, status,0, cstack
 Tracked objects:
		On entry : 
		On exit  : 
		Unchanged: 
 Data sizes:     COMRAM   BANK0   BANK1   BANK2   BANK3   BANK4   BANK5
      Params:         0       0       0       0       0       0       0
      Locals:         1       0       0       0       0       0       0
      Temps:          0       0       0       0       0       0       0
      Totals:         1       0       0       0       0       0       0
Total ram usage:        1 bytes
 Hardware stack levels used:    1
 Hardware stack levels required when called:    1
 This function calls:
		i2_lcd_write
 This function is called by:
		i2_escreve
		i2_escreve2
 This function uses a non-reentrant model


 *************** function i2_lcd_clear *****************
 Defined at:
		line 52 in file "lcd.c"
 Parameters:    Size  Location     Type
		None
 Auto vars:     Size  Location     Type
		None
 Return value:  Size  Location     Type
                  1    wreg      void 
 Registers used:
		wreg, status,2, cstack
 Tracked objects:
		On entry : 
		On exit  : 
		Unchanged: 
 Data sizes:     COMRAM   BANK0   BANK1   BANK2   BANK3   BANK4   BANK5
      Params:         0       0       0       0       0       0       0
      Locals:         0       0       0       0       0       0       0
      Temps:          1       0       0       0       0       0       0
      Totals:         1       0       0       0       0       0       0
Total ram usage:        1 bytes
 Hardware stack levels used:    1
 Hardware stack levels required when called:    1
 This function calls:
		i2_lcd_write
 This function is called by:
		i2_escreve
		i2_escreve2
 This function uses a non-reentrant model


 *************** function i2_lcd_write *****************
 Defined at:
		line 38 in file "lcd.c"
 Parameters:    Size  Location     Type
  c               1    wreg     unsigned char 
 Auto vars:     Size  Location     Type
  c               1    0[COMRAM] unsigned char 
 Return value:  Size  Location     Type
                  1    wreg      void 
 Registers used:
		wreg, status,2, cstack
 Tracked objects:
		On entry : 
		On exit  : 
		Unchanged: 
 Data sizes:     COMRAM   BANK0   BANK1   BANK2   BANK3   BANK4   BANK5
      Params:         0       0       0       0       0       0       0
      Locals:         1       0       0       0       0       0       0
      Temps:          0       0       0       0       0       0       0
      Totals:         1       0       0       0       0       0       0
Total ram usage:        1 bytes
 Hardware stack levels used:    1
 This function calls:
		Nothing
 This function is called by:
		i2_lcd_clear
		i2_lcd_puts
		i2_lcd_goto
 This function uses a non-reentrant model



MODULE INFORMATION

Module		Function		Class		Link	Load	Size
./configura.h
		_config        		CODE           	2B84	0000	67

./configura.h estimated size: 67

E:\ProgramasWindowns\Microchip\xc8\v2.00\pic\sources\c99\common\putch.c
		_putch         		CODE           	2D04	0000	3

E:\ProgramasWindowns\Microchip\xc8\v2.00\pic\sources\c99\common\putch.c estimated size: 3

E:\ProgramasWindowns\Microchip\xc8\v2.00\pic\sources\c99\common\abs.c
		_abs           		CODE           	2AFA	0000	71

E:\ProgramasWindowns\Microchip\xc8\v2.00\pic\sources\c99\common\abs.c estimated size: 71

E:\ProgramasWindowns\Microchip\xc8\v2.00\pic\sources\c99\common\aomod.c
		___aomod       		CODE           	1C80	0000	399

E:\ProgramasWindowns\Microchip\xc8\v2.00\pic\sources\c99\common\aomod.c estimated size: 399

E:\ProgramasWindowns\Microchip\xc8\v2.00\pic\sources\c99\common\nf_fputs.c
		_fputs         		CODE           	2A14	0000	81

E:\ProgramasWindowns\Microchip\xc8\v2.00\pic\sources\c99\common\nf_fputs.c estimated size: 81

shared
		i2_tempo1      		CODE           	2622	0000	137
		i2_vfpfcnvrt   		CODE           	1752	0000	461
		i2_pad         		CODE           	24BE	0000	215
		i2_abs         		CODE           	2B40	0000	69
		i2_putch       		CODE           	2D06	0000	3
		i2_estadosMaquina		CODE           	0AD6	0000	1131
		i2_vfprintf    		CODE           	284E	0000	103
		i2_dtoa        		CODE           	125E	0000	799
		__initialization		CODE           	2C08	0000	37
		i2_lcd_goto    		CODE           	2CF6	0000	15
		i2___aodiv     		CODE           	1AD0	0000	433
		i2_lcd_write   		CODE           	2CD0	0000	21
		i2_escreve     		CODE           	2C62	0000	37
		i2_escreve2    		CODE           	2BC6	0000	67
		i2_sprintf     		CODE           	2912	0000	91
		i2_lcd_puts    		CODE           	2780	0000	105
		i2___aomod     		CODE           	1E0E	0000	397
		i2_fputc       		CODE           	2306	0000	223
		i2_fputs       		CODE           	2A64	0000	77
		i2_strlen      		CODE           	29C2	0000	83
		i2_lcd_clear   		CODE           	2CA2	0000	25

shared estimated size: 4529

E:\ProgramasWindowns\Microchip\xc8\v2.00\pic\sources\c99\common\aodiv.c
		___aodiv       		CODE           	191E	0000	435

E:\ProgramasWindowns\Microchip\xc8\v2.00\pic\sources\c99\common\aodiv.c estimated size: 435

comunica.c
		_escreve       		CODE           	2C3A	0000	41
		_escreve2      		CODE           	2AB0	0000	75
		_main          		CODE           	20E4	0000	321
		_tmr           		CODE           	0008	0000	337
		_estadosMaquina		CODE           	0646	0000	1169
		_tempo1        		CODE           	2594	0000	143

comunica.c estimated size: 2086

E:\ProgramasWindowns\Microchip\xc8\v2.00\pic\sources\c99\common\nf_sprintf.c
		_sprintf       		CODE           	28B4	0000	95

E:\ProgramasWindowns\Microchip\xc8\v2.00\pic\sources\c99\common\nf_sprintf.c estimated size: 95

E:\ProgramasWindowns\Microchip\xc8\v2.00\pic\sources\c99\common\nf_fputc.c
		_fputc         		CODE           	2224	0000	227

E:\ProgramasWindowns\Microchip\xc8\v2.00\pic\sources\c99\common\nf_fputc.c estimated size: 227

E:\ProgramasWindowns\Microchip\xc8\v2.00\pic\sources\c99\common\strlen.c
		_strlen        		CODE           	296C	0000	87

E:\ProgramasWindowns\Microchip\xc8\v2.00\pic\sources\c99\common\strlen.c estimated size: 87

lcd.c
		_lcd_puts      		CODE           	2716	0000	107
		_lcd_clear     		CODE           	2C86	0000	29
		_lcd_goto      		CODE           	2CE4	0000	19
		_lcd_write     		CODE           	2CBA	0000	23
		_lcd_init      		CODE           	26AA	0000	109

lcd.c estimated size: 287

E:\ProgramasWindowns\Microchip\xc8\v2.00\pic\sources\c99\common\doprnt.c
		_vfpfcnvrt     		CODE           	157C	0000	471
		_pad           		CODE           	23E4	0000	219
		_dtoa          		CODE           	0F40	0000	799
		_vfprintf      		CODE           	27E8	0000	103

E:\ProgramasWindowns\Microchip\xc8\v2.00\pic\sources\c99\common\doprnt.c estimated size: 1592

